HOLDOUT 2025: sealed. Targets held at 2018-2024 for every span.
panel 1999-2024; league_season_metrics 1999-2025

### span first_feature_season=2016 variant=raw
/home/user/Fantasy-Football/experiments/bottomup/components/pos_features.py:179: RuntimeWarning: All-NaN slice encountered
  f["gshare_max3"] = np.nan_to_num(np.nanmax(gshares, axis=1), nan=0.0)
/home/user/Fantasy-Football/experiments/bottomup/components/pos_features.py:179: RuntimeWarning: All-NaN slice encountered
  f["gshare_max3"] = np.nan_to_num(np.nanmax(gshares, axis=1), nan=0.0)
/home/user/Fantasy-Football/experiments/bottomup/components/pos_features.py:179: RuntimeWarning: All-NaN slice encountered
  f["gshare_max3"] = np.nan_to_num(np.nanmax(gshares, axis=1), nan=0.0)
/home/user/Fantasy-Football/experiments/bottomup/components/pos_features.py:179: RuntimeWarning: All-NaN slice encountered
  f["gshare_max3"] = np.nan_to_num(np.nanmax(gshares, axis=1), nan=0.0)
/home/user/Fantasy-Football/experiments/bottomup/components/pos_features.py:179: RuntimeWarning: All-NaN slice encountered
  f["gshare_max3"] = np.nan_to_num(np.nanmax(gshares, axis=1), nan=0.0)
/home/user/Fantasy-Football/experiments/bottomup/components/pos_features.py:179: RuntimeWarning: All-NaN slice encountered
  f["gshare_max3"] = np.nan_to_num(np.nanmax(gshares, axis=1), nan=0.0)
/home/user/Fantasy-Football/experiments/bottomup/components/pos_features.py:179: RuntimeWarning: All-NaN slice encountered
  f["gshare_max3"] = np.nan_to_num(np.nanmax(gshares, axis=1), nan=0.0)
/home/user/Fantasy-Football/experiments/bottomup/components/pos_features.py:179: RuntimeWarning: All-NaN slice encountered
  f["gshare_max3"] = np.nan_to_num(np.nanmax(gshares, axis=1), nan=0.0)
/home/user/Fantasy-Football/experiments/bottomup/components/pos_features.py:179: RuntimeWarning: All-NaN slice encountered
  f["gshare_max3"] = np.nan_to_num(np.nanmax(gshares, axis=1), nan=0.0)
/home/user/Fantasy-Football/experiments/bottomup/components/pos_features.py:179: RuntimeWarning: All-NaN slice encountered
  f["gshare_max3"] = np.nan_to_num(np.nanmax(gshares, axis=1), nan=0.0)
/home/user/Fantasy-Football/experiments/bottomup/components/pos_features.py:179: RuntimeWarning: All-NaN slice encountered
  f["gshare_max3"] = np.nan_to_num(np.nanmax(gshares, axis=1), nan=0.0)
/home/user/Fantasy-Football/experiments/bottomup/components/pos_features.py:179: RuntimeWarning: All-NaN slice encountered
  f["gshare_max3"] = np.nan_to_num(np.nanmax(gshares, axis=1), nan=0.0)
/home/user/Fantasy-Football/experiments/bottomup/components/pos_features.py:179: RuntimeWarning: All-NaN slice encountered
  f["gshare_max3"] = np.nan_to_num(np.nanmax(gshares, axis=1), nan=0.0)
/home/user/Fantasy-Football/experiments/bottomup/components/pos_features.py:179: RuntimeWarning: All-NaN slice encountered
  f["gshare_max3"] = np.nan_to_num(np.nanmax(gshares, axis=1), nan=0.0)
/home/user/Fantasy-Football/experiments/bottomup/components/pos_features.py:179: RuntimeWarning: All-NaN slice encountered
  f["gshare_max3"] = np.nan_to_num(np.nanmax(gshares, axis=1), nan=0.0)
/home/user/Fantasy-Football/experiments/bottomup/components/pos_features.py:179: RuntimeWarning: All-NaN slice encountered
  f["gshare_max3"] = np.nan_to_num(np.nanmax(gshares, axis=1), nan=0.0)
/home/user/Fantasy-Football/experiments/bottomup/components/pos_features.py:179: RuntimeWarning: All-NaN slice encountered
  f["gshare_max3"] = np.nan_to_num(np.nanmax(gshares, axis=1), nan=0.0)
/home/user/Fantasy-Football/experiments/bottomup/components/pos_features.py:179: RuntimeWarning: All-NaN slice encountered
  f["gshare_max3"] = np.nan_to_num(np.nanmax(gshares, axis=1), nan=0.0)
/home/user/Fantasy-Football/experiments/bottomup/components/pos_features.py:179: RuntimeWarning: All-NaN slice encountered
  f["gshare_max3"] = np.nan_to_num(np.nanmax(gshares, axis=1), nan=0.0)
/home/user/Fantasy-Football/experiments/bottomup/components/pos_features.py:179: RuntimeWarning: All-NaN slice encountered
  f["gshare_max3"] = np.nan_to_num(np.nanmax(gshares, axis=1), nan=0.0)
/home/user/Fantasy-Football/experiments/bottomup/components/pos_features.py:179: RuntimeWarning: All-NaN slice encountered
  f["gshare_max3"] = np.nan_to_num(np.nanmax(gshares, axis=1), nan=0.0)
/home/user/Fantasy-Football/experiments/bottomup/components/pos_features.py:179: RuntimeWarning: All-NaN slice encountered
  f["gshare_max3"] = np.nan_to_num(np.nanmax(gshares, axis=1), nan=0.0)
/home/user/Fantasy-Football/experiments/bottomup/components/pos_features.py:179: RuntimeWarning: All-NaN slice encountered
  f["gshare_max3"] = np.nan_to_num(np.nanmax(gshares, axis=1), nan=0.0)
/home/user/Fantasy-Football/experiments/bottomup/components/pos_features.py:179: RuntimeWarning: All-NaN slice encountered
  f["gshare_max3"] = np.nan_to_num(np.nanmax(gshares, axis=1), nan=0.0)
/home/user/Fantasy-Football/experiments/bottomup/components/pos_features.py:179: RuntimeWarning: All-NaN slice encountered
  f["gshare_max3"] = np.nan_to_num(np.nanmax(gshares, axis=1), nan=0.0)
/home/user/Fantasy-Football/experiments/bottomup/components/pos_features.py:179: RuntimeWarning: All-NaN slice encountered
  f["gshare_max3"] = np.nan_to_num(np.nanmax(gshares, axis=1), nan=0.0)
/home/user/Fantasy-Football/experiments/bottomup/components/pos_features.py:179: RuntimeWarning: All-NaN slice encountered
  f["gshare_max3"] = np.nan_to_num(np.nanmax(gshares, axis=1), nan=0.0)
/home/user/Fantasy-Football/experiments/bottomup/components/pos_features.py:179: RuntimeWarning: All-NaN slice encountered
  f["gshare_max3"] = np.nan_to_num(np.nanmax(gshares, axis=1), nan=0.0)
/home/user/Fantasy-Football/experiments/bottomup/components/pos_features.py:179: RuntimeWarning: All-NaN slice encountered
  f["gshare_max3"] = np.nan_to_num(np.nanmax(gshares, axis=1), nan=0.0)
/home/user/Fantasy-Football/experiments/bottomup/components/pos_features.py:179: RuntimeWarning: All-NaN slice encountered
  f["gshare_max3"] = np.nan_to_num(np.nanmax(gshares, axis=1), nan=0.0)
/home/user/Fantasy-Football/experiments/bottomup/components/pos_features.py:179: RuntimeWarning: All-NaN slice encountered
  f["gshare_max3"] = np.nan_to_num(np.nanmax(gshares, axis=1), nan=0.0)
/home/user/Fantasy-Football/experiments/bottomup/components/pos_features.py:179: RuntimeWarning: All-NaN slice encountered
  f["gshare_max3"] = np.nan_to_num(np.nanmax(gshares, axis=1), nan=0.0)
/home/user/Fantasy-Football/experiments/bottomup/components/pos_features.py:179: RuntimeWarning: All-NaN slice encountered
  f["gshare_max3"] = np.nan_to_num(np.nanmax(gshares, axis=1), nan=0.0)
/home/user/Fantasy-Football/experiments/bottomup/components/pos_features.py:179: RuntimeWarning: All-NaN slice encountered
  f["gshare_max3"] = np.nan_to_num(np.nanmax(gshares, axis=1), nan=0.0)
/home/user/Fantasy-Football/experiments/bottomup/components/pos_features.py:179: RuntimeWarning: All-NaN slice encountered
  f["gshare_max3"] = np.nan_to_num(np.nanmax(gshares, axis=1), nan=0.0)
/home/user/Fantasy-Football/experiments/bottomup/components/pos_features.py:179: RuntimeWarning: All-NaN slice encountered
  f["gshare_max3"] = np.nan_to_num(np.nanmax(gshares, axis=1), nan=0.0)
/home/user/Fantasy-Football/experiments/bottomup/components/pos_features.py:179: RuntimeWarning: All-NaN slice encountered
  f["gshare_max3"] = np.nan_to_num(np.nanmax(gshares, axis=1), nan=0.0)
/home/user/Fantasy-Football/experiments/bottomup/components/pos_features.py:179: RuntimeWarning: All-NaN slice encountered
  f["gshare_max3"] = np.nan_to_num(np.nanmax(gshares, axis=1), nan=0.0)
/home/user/Fantasy-Football/experiments/bottomup/components/pos_features.py:179: RuntimeWarning: All-NaN slice encountered
  f["gshare_max3"] = np.nan_to_num(np.nanmax(gshares, axis=1), nan=0.0)
/home/user/Fantasy-Football/experiments/bottomup/components/pos_features.py:179: RuntimeWarning: All-NaN slice encountered
  f["gshare_max3"] = np.nan_to_num(np.nanmax(gshares, axis=1), nan=0.0)
/home/user/Fantasy-Football/experiments/bottomup/components/pos_features.py:179: RuntimeWarning: All-NaN slice encountered
  f["gshare_max3"] = np.nan_to_num(np.nanmax(gshares, axis=1), nan=0.0)
/home/user/Fantasy-Football/experiments/bottomup/components/pos_features.py:179: RuntimeWarning: All-NaN slice encountered
  f["gshare_max3"] = np.nan_to_num(np.nanmax(gshares, axis=1), nan=0.0)
/home/user/Fantasy-Football/experiments/bottomup/components/pos_features.py:179: RuntimeWarning: All-NaN slice encountered
  f["gshare_max3"] = np.nan_to_num(np.nanmax(gshares, axis=1), nan=0.0)
/home/user/Fantasy-Football/experiments/bottomup/components/pos_features.py:179: RuntimeWarning: All-NaN slice encountered
  f["gshare_max3"] = np.nan_to_num(np.nanmax(gshares, axis=1), nan=0.0)
/home/user/Fantasy-Football/experiments/bottomup/components/pos_features.py:179: RuntimeWarning: All-NaN slice encountered
  f["gshare_max3"] = np.nan_to_num(np.nanmax(gshares, axis=1), nan=0.0)
/home/user/Fantasy-Football/experiments/bottomup/components/pos_features.py:179: RuntimeWarning: All-NaN slice encountered
  f["gshare_max3"] = np.nan_to_num(np.nanmax(gshares, axis=1), nan=0.0)
/home/user/Fantasy-Football/experiments/bottomup/components/pos_features.py:179: RuntimeWarning: All-NaN slice encountered
  f["gshare_max3"] = np.nan_to_num(np.nanmax(gshares, axis=1), nan=0.0)
/home/user/Fantasy-Football/experiments/bottomup/components/pos_features.py:179: RuntimeWarning: All-NaN slice encountered
  f["gshare_max3"] = np.nan_to_num(np.nanmax(gshares, axis=1), nan=0.0)
/home/user/Fantasy-Football/experiments/bottomup/components/pos_features.py:179: RuntimeWarning: All-NaN slice encountered
  f["gshare_max3"] = np.nan_to_num(np.nanmax(gshares, axis=1), nan=0.0)
/home/user/Fantasy-Football/experiments/bottomup/components/pos_features.py:179: RuntimeWarning: All-NaN slice encountered
  f["gshare_max3"] = np.nan_to_num(np.nanmax(gshares, axis=1), nan=0.0)
/home/user/Fantasy-Football/experiments/bottomup/components/pos_features.py:179: RuntimeWarning: All-NaN slice encountered
  f["gshare_max3"] = np.nan_to_num(np.nanmax(gshares, axis=1), nan=0.0)
/home/user/Fantasy-Football/experiments/bottomup/components/pos_features.py:179: RuntimeWarning: All-NaN slice encountered
  f["gshare_max3"] = np.nan_to_num(np.nanmax(gshares, axis=1), nan=0.0)
/home/user/Fantasy-Football/experiments/bottomup/components/pos_features.py:179: RuntimeWarning: All-NaN slice encountered
  f["gshare_max3"] = np.nan_to_num(np.nanmax(gshares, axis=1), nan=0.0)
/home/user/Fantasy-Football/experiments/bottomup/components/pos_features.py:179: RuntimeWarning: All-NaN slice encountered
  f["gshare_max3"] = np.nan_to_num(np.nanmax(gshares, axis=1), nan=0.0)
/home/user/Fantasy-Football/experiments/bottomup/components/pos_features.py:179: RuntimeWarning: All-NaN slice encountered
  f["gshare_max3"] = np.nan_to_num(np.nanmax(gshares, axis=1), nan=0.0)
/home/user/Fantasy-Football/experiments/bottomup/components/pos_features.py:179: RuntimeWarning: All-NaN slice encountered
  f["gshare_max3"] = np.nan_to_num(np.nanmax(gshares, axis=1), nan=0.0)
/home/user/Fantasy-Football/experiments/bottomup/components/pos_features.py:179: RuntimeWarning: All-NaN slice encountered
  f["gshare_max3"] = np.nan_to_num(np.nanmax(gshares, axis=1), nan=0.0)
/home/user/Fantasy-Football/experiments/bottomup/components/pos_features.py:179: RuntimeWarning: All-NaN slice encountered
  f["gshare_max3"] = np.nan_to_num(np.nanmax(gshares, axis=1), nan=0.0)
/home/user/Fantasy-Football/experiments/bottomup/components/pos_features.py:179: RuntimeWarning: All-NaN slice encountered
  f["gshare_max3"] = np.nan_to_num(np.nanmax(gshares, axis=1), nan=0.0)
/home/user/Fantasy-Football/experiments/bottomup/components/pos_features.py:179: RuntimeWarning: All-NaN slice encountered
  f["gshare_max3"] = np.nan_to_num(np.nanmax(gshares, axis=1), nan=0.0)
          rho_points  rho_points_fullvet  rho_games  mae_games
position                                                      
QB            0.2588              0.6888     0.0657     3.9440
RB            0.4360              0.6872     0.2113     4.2398
TE            0.4000              0.6839     0.1134     3.5992
WR            0.5525              0.7462     0.2309     3.7728

### span first_feature_season=2015 variant=raw
/home/user/Fantasy-Football/experiments/bottomup/components/pos_features.py:179: RuntimeWarning: All-NaN slice encountered
  f["gshare_max3"] = np.nan_to_num(np.nanmax(gshares, axis=1), nan=0.0)
/home/user/Fantasy-Football/experiments/bottomup/components/pos_features.py:179: RuntimeWarning: All-NaN slice encountered
  f["gshare_max3"] = np.nan_to_num(np.nanmax(gshares, axis=1), nan=0.0)
/home/user/Fantasy-Football/experiments/bottomup/components/pos_features.py:179: RuntimeWarning: All-NaN slice encountered
  f["gshare_max3"] = np.nan_to_num(np.nanmax(gshares, axis=1), nan=0.0)
/home/user/Fantasy-Football/experiments/bottomup/components/pos_features.py:179: RuntimeWarning: All-NaN slice encountered
  f["gshare_max3"] = np.nan_to_num(np.nanmax(gshares, axis=1), nan=0.0)
/home/user/Fantasy-Football/experiments/bottomup/components/pos_features.py:179: RuntimeWarning: All-NaN slice encountered
  f["gshare_max3"] = np.nan_to_num(np.nanmax(gshares, axis=1), nan=0.0)
/home/user/Fantasy-Football/experiments/bottomup/components/pos_features.py:179: RuntimeWarning: All-NaN slice encountered
  f["gshare_max3"] = np.nan_to_num(np.nanmax(gshares, axis=1), nan=0.0)
/home/user/Fantasy-Football/experiments/bottomup/components/pos_features.py:179: RuntimeWarning: All-NaN slice encountered
  f["gshare_max3"] = np.nan_to_num(np.nanmax(gshares, axis=1), nan=0.0)
/home/user/Fantasy-Football/experiments/bottomup/components/pos_features.py:179: RuntimeWarning: All-NaN slice encountered
  f["gshare_max3"] = np.nan_to_num(np.nanmax(gshares, axis=1), nan=0.0)
/home/user/Fantasy-Football/experiments/bottomup/components/pos_features.py:179: RuntimeWarning: All-NaN slice encountered
  f["gshare_max3"] = np.nan_to_num(np.nanmax(gshares, axis=1), nan=0.0)
/home/user/Fantasy-Football/experiments/bottomup/components/pos_features.py:179: RuntimeWarning: All-NaN slice encountered
  f["gshare_max3"] = np.nan_to_num(np.nanmax(gshares, axis=1), nan=0.0)
/home/user/Fantasy-Football/experiments/bottomup/components/pos_features.py:179: RuntimeWarning: All-NaN slice encountered
  f["gshare_max3"] = np.nan_to_num(np.nanmax(gshares, axis=1), nan=0.0)
/home/user/Fantasy-Football/experiments/bottomup/components/pos_features.py:179: RuntimeWarning: All-NaN slice encountered
  f["gshare_max3"] = np.nan_to_num(np.nanmax(gshares, axis=1), nan=0.0)
/home/user/Fantasy-Football/experiments/bottomup/components/pos_features.py:179: RuntimeWarning: All-NaN slice encountered
  f["gshare_max3"] = np.nan_to_num(np.nanmax(gshares, axis=1), nan=0.0)
/home/user/Fantasy-Football/experiments/bottomup/components/pos_features.py:179: RuntimeWarning: All-NaN slice encountered
  f["gshare_max3"] = np.nan_to_num(np.nanmax(gshares, axis=1), nan=0.0)
/home/user/Fantasy-Football/experiments/bottomup/components/pos_features.py:179: RuntimeWarning: All-NaN slice encountered
  f["gshare_max3"] = np.nan_to_num(np.nanmax(gshares, axis=1), nan=0.0)
/home/user/Fantasy-Football/experiments/bottomup/components/pos_features.py:179: RuntimeWarning: All-NaN slice encountered
  f["gshare_max3"] = np.nan_to_num(np.nanmax(gshares, axis=1), nan=0.0)
/home/user/Fantasy-Football/experiments/bottomup/components/pos_features.py:179: RuntimeWarning: All-NaN slice encountered
  f["gshare_max3"] = np.nan_to_num(np.nanmax(gshares, axis=1), nan=0.0)
/home/user/Fantasy-Football/experiments/bottomup/components/pos_features.py:179: RuntimeWarning: All-NaN slice encountered
  f["gshare_max3"] = np.nan_to_num(np.nanmax(gshares, axis=1), nan=0.0)
/home/user/Fantasy-Football/experiments/bottomup/components/pos_features.py:179: RuntimeWarning: All-NaN slice encountered
  f["gshare_max3"] = np.nan_to_num(np.nanmax(gshares, axis=1), nan=0.0)
/home/user/Fantasy-Football/experiments/bottomup/components/pos_features.py:179: RuntimeWarning: All-NaN slice encountered
  f["gshare_max3"] = np.nan_to_num(np.nanmax(gshares, axis=1), nan=0.0)
/home/user/Fantasy-Football/experiments/bottomup/components/pos_features.py:179: RuntimeWarning: All-NaN slice encountered
  f["gshare_max3"] = np.nan_to_num(np.nanmax(gshares, axis=1), nan=0.0)
/home/user/Fantasy-Football/experiments/bottomup/components/pos_features.py:179: RuntimeWarning: All-NaN slice encountered
  f["gshare_max3"] = np.nan_to_num(np.nanmax(gshares, axis=1), nan=0.0)
/home/user/Fantasy-Football/experiments/bottomup/components/pos_features.py:179: RuntimeWarning: All-NaN slice encountered
  f["gshare_max3"] = np.nan_to_num(np.nanmax(gshares, axis=1), nan=0.0)
/home/user/Fantasy-Football/experiments/bottomup/components/pos_features.py:179: RuntimeWarning: All-NaN slice encountered
  f["gshare_max3"] = np.nan_to_num(np.nanmax(gshares, axis=1), nan=0.0)
/home/user/Fantasy-Football/experiments/bottomup/components/pos_features.py:179: RuntimeWarning: All-NaN slice encountered
  f["gshare_max3"] = np.nan_to_num(np.nanmax(gshares, axis=1), nan=0.0)
/home/user/Fantasy-Football/experiments/bottomup/components/pos_features.py:179: RuntimeWarning: All-NaN slice encountered
  f["gshare_max3"] = np.nan_to_num(np.nanmax(gshares, axis=1), nan=0.0)
/home/user/Fantasy-Football/experiments/bottomup/components/pos_features.py:179: RuntimeWarning: All-NaN slice encountered
  f["gshare_max3"] = np.nan_to_num(np.nanmax(gshares, axis=1), nan=0.0)
/home/user/Fantasy-Football/experiments/bottomup/components/pos_features.py:179: RuntimeWarning: All-NaN slice encountered
  f["gshare_max3"] = np.nan_to_num(np.nanmax(gshares, axis=1), nan=0.0)
/home/user/Fantasy-Football/experiments/bottomup/components/pos_features.py:179: RuntimeWarning: All-NaN slice encountered
  f["gshare_max3"] = np.nan_to_num(np.nanmax(gshares, axis=1), nan=0.0)
/home/user/Fantasy-Football/experiments/bottomup/components/pos_features.py:179: RuntimeWarning: All-NaN slice encountered
  f["gshare_max3"] = np.nan_to_num(np.nanmax(gshares, axis=1), nan=0.0)
/home/user/Fantasy-Football/experiments/bottomup/components/pos_features.py:179: RuntimeWarning: All-NaN slice encountered
  f["gshare_max3"] = np.nan_to_num(np.nanmax(gshares, axis=1), nan=0.0)
/home/user/Fantasy-Football/experiments/bottomup/components/pos_features.py:179: RuntimeWarning: All-NaN slice encountered
  f["gshare_max3"] = np.nan_to_num(np.nanmax(gshares, axis=1), nan=0.0)
/home/user/Fantasy-Football/experiments/bottomup/components/pos_features.py:179: RuntimeWarning: All-NaN slice encountered
  f["gshare_max3"] = np.nan_to_num(np.nanmax(gshares, axis=1), nan=0.0)
/home/user/Fantasy-Football/experiments/bottomup/components/pos_features.py:179: RuntimeWarning: All-NaN slice encountered
  f["gshare_max3"] = np.nan_to_num(np.nanmax(gshares, axis=1), nan=0.0)
/home/user/Fantasy-Football/experiments/bottomup/components/pos_features.py:179: RuntimeWarning: All-NaN slice encountered
  f["gshare_max3"] = np.nan_to_num(np.nanmax(gshares, axis=1), nan=0.0)
/home/user/Fantasy-Football/experiments/bottomup/components/pos_features.py:179: RuntimeWarning: All-NaN slice encountered
  f["gshare_max3"] = np.nan_to_num(np.nanmax(gshares, axis=1), nan=0.0)
/home/user/Fantasy-Football/experiments/bottomup/components/pos_features.py:179: RuntimeWarning: All-NaN slice encountered
  f["gshare_max3"] = np.nan_to_num(np.nanmax(gshares, axis=1), nan=0.0)
/home/user/Fantasy-Football/experiments/bottomup/components/pos_features.py:179: RuntimeWarning: All-NaN slice encountered
  f["gshare_max3"] = np.nan_to_num(np.nanmax(gshares, axis=1), nan=0.0)
/home/user/Fantasy-Football/experiments/bottomup/components/pos_features.py:179: RuntimeWarning: All-NaN slice encountered
  f["gshare_max3"] = np.nan_to_num(np.nanmax(gshares, axis=1), nan=0.0)
/home/user/Fantasy-Football/experiments/bottomup/components/pos_features.py:179: RuntimeWarning: All-NaN slice encountered
  f["gshare_max3"] = np.nan_to_num(np.nanmax(gshares, axis=1), nan=0.0)
/home/user/Fantasy-Football/experiments/bottomup/components/pos_features.py:179: RuntimeWarning: All-NaN slice encountered
  f["gshare_max3"] = np.nan_to_num(np.nanmax(gshares, axis=1), nan=0.0)
/home/user/Fantasy-Football/experiments/bottomup/components/pos_features.py:179: RuntimeWarning: All-NaN slice encountered
  f["gshare_max3"] = np.nan_to_num(np.nanmax(gshares, axis=1), nan=0.0)
/home/user/Fantasy-Football/experiments/bottomup/components/pos_features.py:179: RuntimeWarning: All-NaN slice encountered
  f["gshare_max3"] = np.nan_to_num(np.nanmax(gshares, axis=1), nan=0.0)
/home/user/Fantasy-Football/experiments/bottomup/components/pos_features.py:179: RuntimeWarning: All-NaN slice encountered
  f["gshare_max3"] = np.nan_to_num(np.nanmax(gshares, axis=1), nan=0.0)
/home/user/Fantasy-Football/experiments/bottomup/components/pos_features.py:179: RuntimeWarning: All-NaN slice encountered
  f["gshare_max3"] = np.nan_to_num(np.nanmax(gshares, axis=1), nan=0.0)
/home/user/Fantasy-Football/experiments/bottomup/components/pos_features.py:179: RuntimeWarning: All-NaN slice encountered
  f["gshare_max3"] = np.nan_to_num(np.nanmax(gshares, axis=1), nan=0.0)
/home/user/Fantasy-Football/experiments/bottomup/components/pos_features.py:179: RuntimeWarning: All-NaN slice encountered
  f["gshare_max3"] = np.nan_to_num(np.nanmax(gshares, axis=1), nan=0.0)
/home/user/Fantasy-Football/experiments/bottomup/components/pos_features.py:179: RuntimeWarning: All-NaN slice encountered
  f["gshare_max3"] = np.nan_to_num(np.nanmax(gshares, axis=1), nan=0.0)
/home/user/Fantasy-Football/experiments/bottomup/components/pos_features.py:179: RuntimeWarning: All-NaN slice encountered
  f["gshare_max3"] = np.nan_to_num(np.nanmax(gshares, axis=1), nan=0.0)
/home/user/Fantasy-Football/experiments/bottomup/components/pos_features.py:179: RuntimeWarning: All-NaN slice encountered
  f["gshare_max3"] = np.nan_to_num(np.nanmax(gshares, axis=1), nan=0.0)
/home/user/Fantasy-Football/experiments/bottomup/components/pos_features.py:179: RuntimeWarning: All-NaN slice encountered
  f["gshare_max3"] = np.nan_to_num(np.nanmax(gshares, axis=1), nan=0.0)
/home/user/Fantasy-Football/experiments/bottomup/components/pos_features.py:179: RuntimeWarning: All-NaN slice encountered
  f["gshare_max3"] = np.nan_to_num(np.nanmax(gshares, axis=1), nan=0.0)
/home/user/Fantasy-Football/experiments/bottomup/components/pos_features.py:179: RuntimeWarning: All-NaN slice encountered
  f["gshare_max3"] = np.nan_to_num(np.nanmax(gshares, axis=1), nan=0.0)
/home/user/Fantasy-Football/experiments/bottomup/components/pos_features.py:179: RuntimeWarning: All-NaN slice encountered
  f["gshare_max3"] = np.nan_to_num(np.nanmax(gshares, axis=1), nan=0.0)
/home/user/Fantasy-Football/experiments/bottomup/components/pos_features.py:179: RuntimeWarning: All-NaN slice encountered
  f["gshare_max3"] = np.nan_to_num(np.nanmax(gshares, axis=1), nan=0.0)
/home/user/Fantasy-Football/experiments/bottomup/components/pos_features.py:179: RuntimeWarning: All-NaN slice encountered
  f["gshare_max3"] = np.nan_to_num(np.nanmax(gshares, axis=1), nan=0.0)
/home/user/Fantasy-Football/experiments/bottomup/components/pos_features.py:179: RuntimeWarning: All-NaN slice encountered
  f["gshare_max3"] = np.nan_to_num(np.nanmax(gshares, axis=1), nan=0.0)
/home/user/Fantasy-Football/experiments/bottomup/components/pos_features.py:179: RuntimeWarning: All-NaN slice encountered
  f["gshare_max3"] = np.nan_to_num(np.nanmax(gshares, axis=1), nan=0.0)
/home/user/Fantasy-Football/experiments/bottomup/components/pos_features.py:179: RuntimeWarning: All-NaN slice encountered
  f["gshare_max3"] = np.nan_to_num(np.nanmax(gshares, axis=1), nan=0.0)
/home/user/Fantasy-Football/experiments/bottomup/components/pos_features.py:179: RuntimeWarning: All-NaN slice encountered
  f["gshare_max3"] = np.nan_to_num(np.nanmax(gshares, axis=1), nan=0.0)
/home/user/Fantasy-Football/experiments/bottomup/components/pos_features.py:179: RuntimeWarning: All-NaN slice encountered
  f["gshare_max3"] = np.nan_to_num(np.nanmax(gshares, axis=1), nan=0.0)
/home/user/Fantasy-Football/experiments/bottomup/components/pos_features.py:179: RuntimeWarning: All-NaN slice encountered
  f["gshare_max3"] = np.nan_to_num(np.nanmax(gshares, axis=1), nan=0.0)
/home/user/Fantasy-Football/experiments/bottomup/components/pos_features.py:179: RuntimeWarning: All-NaN slice encountered
  f["gshare_max3"] = np.nan_to_num(np.nanmax(gshares, axis=1), nan=0.0)
/home/user/Fantasy-Football/experiments/bottomup/components/pos_features.py:179: RuntimeWarning: All-NaN slice encountered
  f["gshare_max3"] = np.nan_to_num(np.nanmax(gshares, axis=1), nan=0.0)
          rho_points  rho_points_fullvet  rho_games  mae_games
position                                                      
QB            0.2502              0.6851     0.0692     3.9352
RB            0.4314              0.6836     0.2026     4.2327
TE            0.4003              0.6787     0.1081     3.5270
WR            0.5493              0.7468     0.2315     3.7850

### span first_feature_season=2010 variant=raw
/home/user/Fantasy-Football/experiments/bottomup/components/pos_features.py:179: RuntimeWarning: All-NaN slice encountered
  f["gshare_max3"] = np.nan_to_num(np.nanmax(gshares, axis=1), nan=0.0)
/home/user/Fantasy-Football/experiments/bottomup/components/pos_features.py:179: RuntimeWarning: All-NaN slice encountered
  f["gshare_max3"] = np.nan_to_num(np.nanmax(gshares, axis=1), nan=0.0)
/home/user/Fantasy-Football/experiments/bottomup/components/pos_features.py:179: RuntimeWarning: All-NaN slice encountered
  f["gshare_max3"] = np.nan_to_num(np.nanmax(gshares, axis=1), nan=0.0)
/home/user/Fantasy-Football/experiments/bottomup/components/pos_features.py:179: RuntimeWarning: All-NaN slice encountered
  f["gshare_max3"] = np.nan_to_num(np.nanmax(gshares, axis=1), nan=0.0)
/home/user/Fantasy-Football/experiments/bottomup/components/pos_features.py:179: RuntimeWarning: All-NaN slice encountered
  f["gshare_max3"] = np.nan_to_num(np.nanmax(gshares, axis=1), nan=0.0)
/home/user/Fantasy-Football/experiments/bottomup/components/pos_features.py:179: RuntimeWarning: All-NaN slice encountered
  f["gshare_max3"] = np.nan_to_num(np.nanmax(gshares, axis=1), nan=0.0)
/home/user/Fantasy-Football/experiments/bottomup/components/pos_features.py:179: RuntimeWarning: All-NaN slice encountered
  f["gshare_max3"] = np.nan_to_num(np.nanmax(gshares, axis=1), nan=0.0)
/home/user/Fantasy-Football/experiments/bottomup/components/pos_features.py:179: RuntimeWarning: All-NaN slice encountered
  f["gshare_max3"] = np.nan_to_num(np.nanmax(gshares, axis=1), nan=0.0)
/home/user/Fantasy-Football/experiments/bottomup/components/pos_features.py:179: RuntimeWarning: All-NaN slice encountered
  f["gshare_max3"] = np.nan_to_num(np.nanmax(gshares, axis=1), nan=0.0)
/home/user/Fantasy-Football/experiments/bottomup/components/pos_features.py:179: RuntimeWarning: All-NaN slice encountered
  f["gshare_max3"] = np.nan_to_num(np.nanmax(gshares, axis=1), nan=0.0)
/home/user/Fantasy-Football/experiments/bottomup/components/pos_features.py:179: RuntimeWarning: All-NaN slice encountered
  f["gshare_max3"] = np.nan_to_num(np.nanmax(gshares, axis=1), nan=0.0)
/home/user/Fantasy-Football/experiments/bottomup/components/pos_features.py:179: RuntimeWarning: All-NaN slice encountered
  f["gshare_max3"] = np.nan_to_num(np.nanmax(gshares, axis=1), nan=0.0)
/home/user/Fantasy-Football/experiments/bottomup/components/pos_features.py:179: RuntimeWarning: All-NaN slice encountered
  f["gshare_max3"] = np.nan_to_num(np.nanmax(gshares, axis=1), nan=0.0)
/home/user/Fantasy-Football/experiments/bottomup/components/pos_features.py:179: RuntimeWarning: All-NaN slice encountered
  f["gshare_max3"] = np.nan_to_num(np.nanmax(gshares, axis=1), nan=0.0)
/home/user/Fantasy-Football/experiments/bottomup/components/pos_features.py:179: RuntimeWarning: All-NaN slice encountered
  f["gshare_max3"] = np.nan_to_num(np.nanmax(gshares, axis=1), nan=0.0)
/home/user/Fantasy-Football/experiments/bottomup/components/pos_features.py:179: RuntimeWarning: All-NaN slice encountered
  f["gshare_max3"] = np.nan_to_num(np.nanmax(gshares, axis=1), nan=0.0)
/home/user/Fantasy-Football/experiments/bottomup/components/pos_features.py:179: RuntimeWarning: All-NaN slice encountered
  f["gshare_max3"] = np.nan_to_num(np.nanmax(gshares, axis=1), nan=0.0)
/home/user/Fantasy-Football/experiments/bottomup/components/pos_features.py:179: RuntimeWarning: All-NaN slice encountered
  f["gshare_max3"] = np.nan_to_num(np.nanmax(gshares, axis=1), nan=0.0)
/home/user/Fantasy-Football/experiments/bottomup/components/pos_features.py:179: RuntimeWarning: All-NaN slice encountered
  f["gshare_max3"] = np.nan_to_num(np.nanmax(gshares, axis=1), nan=0.0)
/home/user/Fantasy-Football/experiments/bottomup/components/pos_features.py:179: RuntimeWarning: All-NaN slice encountered
  f["gshare_max3"] = np.nan_to_num(np.nanmax(gshares, axis=1), nan=0.0)
/home/user/Fantasy-Football/experiments/bottomup/components/pos_features.py:179: RuntimeWarning: All-NaN slice encountered
  f["gshare_max3"] = np.nan_to_num(np.nanmax(gshares, axis=1), nan=0.0)
/home/user/Fantasy-Football/experiments/bottomup/components/pos_features.py:179: RuntimeWarning: All-NaN slice encountered
  f["gshare_max3"] = np.nan_to_num(np.nanmax(gshares, axis=1), nan=0.0)
/home/user/Fantasy-Football/experiments/bottomup/components/pos_features.py:179: RuntimeWarning: All-NaN slice encountered
  f["gshare_max3"] = np.nan_to_num(np.nanmax(gshares, axis=1), nan=0.0)
/home/user/Fantasy-Football/experiments/bottomup/components/pos_features.py:179: RuntimeWarning: All-NaN slice encountered
  f["gshare_max3"] = np.nan_to_num(np.nanmax(gshares, axis=1), nan=0.0)
/home/user/Fantasy-Football/experiments/bottomup/components/pos_features.py:179: RuntimeWarning: All-NaN slice encountered
  f["gshare_max3"] = np.nan_to_num(np.nanmax(gshares, axis=1), nan=0.0)
/home/user/Fantasy-Football/experiments/bottomup/components/pos_features.py:179: RuntimeWarning: All-NaN slice encountered
  f["gshare_max3"] = np.nan_to_num(np.nanmax(gshares, axis=1), nan=0.0)
/home/user/Fantasy-Football/experiments/bottomup/components/pos_features.py:179: RuntimeWarning: All-NaN slice encountered
  f["gshare_max3"] = np.nan_to_num(np.nanmax(gshares, axis=1), nan=0.0)
/home/user/Fantasy-Football/experiments/bottomup/components/pos_features.py:179: RuntimeWarning: All-NaN slice encountered
  f["gshare_max3"] = np.nan_to_num(np.nanmax(gshares, axis=1), nan=0.0)
/home/user/Fantasy-Football/experiments/bottomup/components/pos_features.py:179: RuntimeWarning: All-NaN slice encountered
  f["gshare_max3"] = np.nan_to_num(np.nanmax(gshares, axis=1), nan=0.0)
/home/user/Fantasy-Football/experiments/bottomup/components/pos_features.py:179: RuntimeWarning: All-NaN slice encountered
  f["gshare_max3"] = np.nan_to_num(np.nanmax(gshares, axis=1), nan=0.0)
/home/user/Fantasy-Football/experiments/bottomup/components/pos_features.py:179: RuntimeWarning: All-NaN slice encountered
  f["gshare_max3"] = np.nan_to_num(np.nanmax(gshares, axis=1), nan=0.0)
/home/user/Fantasy-Football/experiments/bottomup/components/pos_features.py:179: RuntimeWarning: All-NaN slice encountered
  f["gshare_max3"] = np.nan_to_num(np.nanmax(gshares, axis=1), nan=0.0)
/home/user/Fantasy-Football/experiments/bottomup/components/pos_features.py:179: RuntimeWarning: All-NaN slice encountered
  f["gshare_max3"] = np.nan_to_num(np.nanmax(gshares, axis=1), nan=0.0)
/home/user/Fantasy-Football/experiments/bottomup/components/pos_features.py:179: RuntimeWarning: All-NaN slice encountered
  f["gshare_max3"] = np.nan_to_num(np.nanmax(gshares, axis=1), nan=0.0)
/home/user/Fantasy-Football/experiments/bottomup/components/pos_features.py:179: RuntimeWarning: All-NaN slice encountered
  f["gshare_max3"] = np.nan_to_num(np.nanmax(gshares, axis=1), nan=0.0)
/home/user/Fantasy-Football/experiments/bottomup/components/pos_features.py:179: RuntimeWarning: All-NaN slice encountered
  f["gshare_max3"] = np.nan_to_num(np.nanmax(gshares, axis=1), nan=0.0)
/home/user/Fantasy-Football/experiments/bottomup/components/pos_features.py:179: RuntimeWarning: All-NaN slice encountered
  f["gshare_max3"] = np.nan_to_num(np.nanmax(gshares, axis=1), nan=0.0)
/home/user/Fantasy-Football/experiments/bottomup/components/pos_features.py:179: RuntimeWarning: All-NaN slice encountered
  f["gshare_max3"] = np.nan_to_num(np.nanmax(gshares, axis=1), nan=0.0)
/home/user/Fantasy-Football/experiments/bottomup/components/pos_features.py:179: RuntimeWarning: All-NaN slice encountered
  f["gshare_max3"] = np.nan_to_num(np.nanmax(gshares, axis=1), nan=0.0)
/home/user/Fantasy-Football/experiments/bottomup/components/pos_features.py:179: RuntimeWarning: All-NaN slice encountered
  f["gshare_max3"] = np.nan_to_num(np.nanmax(gshares, axis=1), nan=0.0)
/home/user/Fantasy-Football/experiments/bottomup/components/pos_features.py:179: RuntimeWarning: All-NaN slice encountered
  f["gshare_max3"] = np.nan_to_num(np.nanmax(gshares, axis=1), nan=0.0)
/home/user/Fantasy-Football/experiments/bottomup/components/pos_features.py:179: RuntimeWarning: All-NaN slice encountered
  f["gshare_max3"] = np.nan_to_num(np.nanmax(gshares, axis=1), nan=0.0)
/home/user/Fantasy-Football/experiments/bottomup/components/pos_features.py:179: RuntimeWarning: All-NaN slice encountered
  f["gshare_max3"] = np.nan_to_num(np.nanmax(gshares, axis=1), nan=0.0)
/home/user/Fantasy-Football/experiments/bottomup/components/pos_features.py:179: RuntimeWarning: All-NaN slice encountered
  f["gshare_max3"] = np.nan_to_num(np.nanmax(gshares, axis=1), nan=0.0)
/home/user/Fantasy-Football/experiments/bottomup/components/pos_features.py:179: RuntimeWarning: All-NaN slice encountered
  f["gshare_max3"] = np.nan_to_num(np.nanmax(gshares, axis=1), nan=0.0)
/home/user/Fantasy-Football/experiments/bottomup/components/pos_features.py:179: RuntimeWarning: All-NaN slice encountered
  f["gshare_max3"] = np.nan_to_num(np.nanmax(gshares, axis=1), nan=0.0)
/home/user/Fantasy-Football/experiments/bottomup/components/pos_features.py:179: RuntimeWarning: All-NaN slice encountered
  f["gshare_max3"] = np.nan_to_num(np.nanmax(gshares, axis=1), nan=0.0)
/home/user/Fantasy-Football/experiments/bottomup/components/pos_features.py:179: RuntimeWarning: All-NaN slice encountered
  f["gshare_max3"] = np.nan_to_num(np.nanmax(gshares, axis=1), nan=0.0)
/home/user/Fantasy-Football/experiments/bottomup/components/pos_features.py:179: RuntimeWarning: All-NaN slice encountered
  f["gshare_max3"] = np.nan_to_num(np.nanmax(gshares, axis=1), nan=0.0)
/home/user/Fantasy-Football/experiments/bottomup/components/pos_features.py:179: RuntimeWarning: All-NaN slice encountered
  f["gshare_max3"] = np.nan_to_num(np.nanmax(gshares, axis=1), nan=0.0)
/home/user/Fantasy-Football/experiments/bottomup/components/pos_features.py:179: RuntimeWarning: All-NaN slice encountered
  f["gshare_max3"] = np.nan_to_num(np.nanmax(gshares, axis=1), nan=0.0)
/home/user/Fantasy-Football/experiments/bottomup/components/pos_features.py:179: RuntimeWarning: All-NaN slice encountered
  f["gshare_max3"] = np.nan_to_num(np.nanmax(gshares, axis=1), nan=0.0)
/home/user/Fantasy-Football/experiments/bottomup/components/pos_features.py:179: RuntimeWarning: All-NaN slice encountered
  f["gshare_max3"] = np.nan_to_num(np.nanmax(gshares, axis=1), nan=0.0)
/home/user/Fantasy-Football/experiments/bottomup/components/pos_features.py:179: RuntimeWarning: All-NaN slice encountered
  f["gshare_max3"] = np.nan_to_num(np.nanmax(gshares, axis=1), nan=0.0)
/home/user/Fantasy-Football/experiments/bottomup/components/pos_features.py:179: RuntimeWarning: All-NaN slice encountered
  f["gshare_max3"] = np.nan_to_num(np.nanmax(gshares, axis=1), nan=0.0)
/home/user/Fantasy-Football/experiments/bottomup/components/pos_features.py:179: RuntimeWarning: All-NaN slice encountered
  f["gshare_max3"] = np.nan_to_num(np.nanmax(gshares, axis=1), nan=0.0)
/home/user/Fantasy-Football/experiments/bottomup/components/pos_features.py:179: RuntimeWarning: All-NaN slice encountered
  f["gshare_max3"] = np.nan_to_num(np.nanmax(gshares, axis=1), nan=0.0)
/home/user/Fantasy-Football/experiments/bottomup/components/pos_features.py:179: RuntimeWarning: All-NaN slice encountered
  f["gshare_max3"] = np.nan_to_num(np.nanmax(gshares, axis=1), nan=0.0)
/home/user/Fantasy-Football/experiments/bottomup/components/pos_features.py:179: RuntimeWarning: All-NaN slice encountered
  f["gshare_max3"] = np.nan_to_num(np.nanmax(gshares, axis=1), nan=0.0)
/home/user/Fantasy-Football/experiments/bottomup/components/pos_features.py:179: RuntimeWarning: All-NaN slice encountered
  f["gshare_max3"] = np.nan_to_num(np.nanmax(gshares, axis=1), nan=0.0)
/home/user/Fantasy-Football/experiments/bottomup/components/pos_features.py:179: RuntimeWarning: All-NaN slice encountered
  f["gshare_max3"] = np.nan_to_num(np.nanmax(gshares, axis=1), nan=0.0)
/home/user/Fantasy-Football/experiments/bottomup/components/pos_features.py:179: RuntimeWarning: All-NaN slice encountered
  f["gshare_max3"] = np.nan_to_num(np.nanmax(gshares, axis=1), nan=0.0)
/home/user/Fantasy-Football/experiments/bottomup/components/pos_features.py:179: RuntimeWarning: All-NaN slice encountered
  f["gshare_max3"] = np.nan_to_num(np.nanmax(gshares, axis=1), nan=0.0)
/home/user/Fantasy-Football/experiments/bottomup/components/pos_features.py:179: RuntimeWarning: All-NaN slice encountered
  f["gshare_max3"] = np.nan_to_num(np.nanmax(gshares, axis=1), nan=0.0)
/home/user/Fantasy-Football/experiments/bottomup/components/pos_features.py:179: RuntimeWarning: All-NaN slice encountered
  f["gshare_max3"] = np.nan_to_num(np.nanmax(gshares, axis=1), nan=0.0)
/home/user/Fantasy-Football/experiments/bottomup/components/pos_features.py:179: RuntimeWarning: All-NaN slice encountered
  f["gshare_max3"] = np.nan_to_num(np.nanmax(gshares, axis=1), nan=0.0)
/home/user/Fantasy-Football/experiments/bottomup/components/pos_features.py:179: RuntimeWarning: All-NaN slice encountered
  f["gshare_max3"] = np.nan_to_num(np.nanmax(gshares, axis=1), nan=0.0)
/home/user/Fantasy-Football/experiments/bottomup/components/pos_features.py:179: RuntimeWarning: All-NaN slice encountered
  f["gshare_max3"] = np.nan_to_num(np.nanmax(gshares, axis=1), nan=0.0)
/home/user/Fantasy-Football/experiments/bottomup/components/pos_features.py:179: RuntimeWarning: All-NaN slice encountered
  f["gshare_max3"] = np.nan_to_num(np.nanmax(gshares, axis=1), nan=0.0)
/home/user/Fantasy-Football/experiments/bottomup/components/pos_features.py:179: RuntimeWarning: All-NaN slice encountered
  f["gshare_max3"] = np.nan_to_num(np.nanmax(gshares, axis=1), nan=0.0)
/home/user/Fantasy-Football/experiments/bottomup/components/pos_features.py:179: RuntimeWarning: All-NaN slice encountered
  f["gshare_max3"] = np.nan_to_num(np.nanmax(gshares, axis=1), nan=0.0)
/home/user/Fantasy-Football/experiments/bottomup/components/pos_features.py:179: RuntimeWarning: All-NaN slice encountered
  f["gshare_max3"] = np.nan_to_num(np.nanmax(gshares, axis=1), nan=0.0)
/home/user/Fantasy-Football/experiments/bottomup/components/pos_features.py:179: RuntimeWarning: All-NaN slice encountered
  f["gshare_max3"] = np.nan_to_num(np.nanmax(gshares, axis=1), nan=0.0)
/home/user/Fantasy-Football/experiments/bottomup/components/pos_features.py:179: RuntimeWarning: All-NaN slice encountered
  f["gshare_max3"] = np.nan_to_num(np.nanmax(gshares, axis=1), nan=0.0)
/home/user/Fantasy-Football/experiments/bottomup/components/pos_features.py:179: RuntimeWarning: All-NaN slice encountered
  f["gshare_max3"] = np.nan_to_num(np.nanmax(gshares, axis=1), nan=0.0)
/home/user/Fantasy-Football/experiments/bottomup/components/pos_features.py:179: RuntimeWarning: All-NaN slice encountered
  f["gshare_max3"] = np.nan_to_num(np.nanmax(gshares, axis=1), nan=0.0)
/home/user/Fantasy-Football/experiments/bottomup/components/pos_features.py:179: RuntimeWarning: All-NaN slice encountered
  f["gshare_max3"] = np.nan_to_num(np.nanmax(gshares, axis=1), nan=0.0)
/home/user/Fantasy-Football/experiments/bottomup/components/pos_features.py:179: RuntimeWarning: All-NaN slice encountered
  f["gshare_max3"] = np.nan_to_num(np.nanmax(gshares, axis=1), nan=0.0)
/home/user/Fantasy-Football/experiments/bottomup/components/pos_features.py:179: RuntimeWarning: All-NaN slice encountered
  f["gshare_max3"] = np.nan_to_num(np.nanmax(gshares, axis=1), nan=0.0)
/home/user/Fantasy-Football/experiments/bottomup/components/pos_features.py:179: RuntimeWarning: All-NaN slice encountered
  f["gshare_max3"] = np.nan_to_num(np.nanmax(gshares, axis=1), nan=0.0)
/home/user/Fantasy-Football/experiments/bottomup/components/pos_features.py:179: RuntimeWarning: All-NaN slice encountered
  f["gshare_max3"] = np.nan_to_num(np.nanmax(gshares, axis=1), nan=0.0)
/home/user/Fantasy-Football/experiments/bottomup/components/pos_features.py:179: RuntimeWarning: All-NaN slice encountered
  f["gshare_max3"] = np.nan_to_num(np.nanmax(gshares, axis=1), nan=0.0)
/home/user/Fantasy-Football/experiments/bottomup/components/pos_features.py:179: RuntimeWarning: All-NaN slice encountered
  f["gshare_max3"] = np.nan_to_num(np.nanmax(gshares, axis=1), nan=0.0)
/home/user/Fantasy-Football/experiments/bottomup/components/pos_features.py:179: RuntimeWarning: All-NaN slice encountered
  f["gshare_max3"] = np.nan_to_num(np.nanmax(gshares, axis=1), nan=0.0)
          rho_points  rho_points_fullvet  rho_games  mae_games
position                                                      
QB            0.2325              0.6883     0.0702     3.9968
RB            0.4420              0.6869     0.1984     4.1402
TE            0.3929              0.6849     0.0975     3.3311
WR            0.5519              0.7502     0.2335     3.6993

### span first_feature_season=2006 variant=raw
/home/user/Fantasy-Football/experiments/bottomup/components/pos_features.py:179: RuntimeWarning: All-NaN slice encountered
  f["gshare_max3"] = np.nan_to_num(np.nanmax(gshares, axis=1), nan=0.0)
/home/user/Fantasy-Football/experiments/bottomup/components/pos_features.py:179: RuntimeWarning: All-NaN slice encountered
  f["gshare_max3"] = np.nan_to_num(np.nanmax(gshares, axis=1), nan=0.0)
/home/user/Fantasy-Football/experiments/bottomup/components/pos_features.py:179: RuntimeWarning: All-NaN slice encountered
  f["gshare_max3"] = np.nan_to_num(np.nanmax(gshares, axis=1), nan=0.0)
/home/user/Fantasy-Football/experiments/bottomup/components/pos_features.py:179: RuntimeWarning: All-NaN slice encountered
  f["gshare_max3"] = np.nan_to_num(np.nanmax(gshares, axis=1), nan=0.0)
/home/user/Fantasy-Football/experiments/bottomup/components/pos_features.py:179: RuntimeWarning: All-NaN slice encountered
  f["gshare_max3"] = np.nan_to_num(np.nanmax(gshares, axis=1), nan=0.0)
/home/user/Fantasy-Football/experiments/bottomup/components/pos_features.py:179: RuntimeWarning: All-NaN slice encountered
  f["gshare_max3"] = np.nan_to_num(np.nanmax(gshares, axis=1), nan=0.0)
/home/user/Fantasy-Football/experiments/bottomup/components/pos_features.py:179: RuntimeWarning: All-NaN slice encountered
  f["gshare_max3"] = np.nan_to_num(np.nanmax(gshares, axis=1), nan=0.0)
/home/user/Fantasy-Football/experiments/bottomup/components/pos_features.py:179: RuntimeWarning: All-NaN slice encountered
  f["gshare_max3"] = np.nan_to_num(np.nanmax(gshares, axis=1), nan=0.0)
/home/user/Fantasy-Football/experiments/bottomup/components/pos_features.py:179: RuntimeWarning: All-NaN slice encountered
  f["gshare_max3"] = np.nan_to_num(np.nanmax(gshares, axis=1), nan=0.0)
/home/user/Fantasy-Football/experiments/bottomup/components/pos_features.py:179: RuntimeWarning: All-NaN slice encountered
  f["gshare_max3"] = np.nan_to_num(np.nanmax(gshares, axis=1), nan=0.0)
/home/user/Fantasy-Football/experiments/bottomup/components/pos_features.py:179: RuntimeWarning: All-NaN slice encountered
  f["gshare_max3"] = np.nan_to_num(np.nanmax(gshares, axis=1), nan=0.0)
/home/user/Fantasy-Football/experiments/bottomup/components/pos_features.py:179: RuntimeWarning: All-NaN slice encountered
  f["gshare_max3"] = np.nan_to_num(np.nanmax(gshares, axis=1), nan=0.0)
/home/user/Fantasy-Football/experiments/bottomup/components/pos_features.py:179: RuntimeWarning: All-NaN slice encountered
  f["gshare_max3"] = np.nan_to_num(np.nanmax(gshares, axis=1), nan=0.0)
