[2026-08-03 23:22:39] sweep070 starting; phases done: []
[2026-08-03 23:22:39] L=5999, h=20, M=259, workers=3
[2026-08-03 23:24:50] VERIFY__VD1__QB: 200 draws
[2026-08-03 23:29:05] VERIFY__VD1__RB: 60 draws
[2026-08-03 23:33:07] VERIFY__VD1__RB: 120 draws
[2026-08-03 23:37:12] VERIFY__VD1__RB: 180 draws
[2026-08-03 23:38:32] VERIFY__VD1__RB: 200 draws
[2026-08-03 23:39:58] VERIFY__VD1__WR: 60 draws
[2026-08-03 23:41:24] VERIFY__VD1__WR: 120 draws
[2026-08-03 23:42:50] VERIFY__VD1__WR: 180 draws
[2026-08-03 23:43:18] VERIFY__VD1__WR: 200 draws
[2026-08-03 23:44:16] VERIFY__VD1__TE: 60 draws
[2026-08-03 23:45:13] VERIFY__VD1__TE: 120 draws
[2026-08-03 23:46:10] VERIFY__VD1__TE: 180 draws
[2026-08-03 23:46:31] VERIFY__VD1__TE: 200 draws
[2026-08-03 23:46:31] VERIFY: PASS  (2026-08-03 23:46:31) | LOO p<=0.05: pooled 40/800 (pass <= 53) |   QB: 10/200 (pass <= 19) |   RB: 10/200 (pass <= 19) |   WR: 10/200 (pass <= 19) |   TE: 10/200 (pass <= 19) | end-to-end placebo: 0 INCLUDE/EXCLUDE/RE-SPECIFY (pass = 0), 0 HYPOTHESIS (pass <= 1)
[2026-08-03 23:46:31] observed runs needed: 24
[2026-08-03 23:47:41] observed runs done in 69s
[2026-08-03 23:50:31] D1A1__Q0__QB: 60 draws
[2026-08-04 00:47:57] sweep070 starting; phases done: ['VERIFY']
[2026-08-04 00:47:57] L=7999, h=20, M=333, workers=3
[supervisor] sweep exited code 143 (attempt 1/50); restarting in 60s
[2026-08-04 01:25:14] sweep070 starting; phases done: ['VERIFY']
[2026-08-04 01:25:14] L=8999, h=20, M=442, workers=3
[supervisor] sweep already running; exiting
[2026-08-04 01:28:16] D1A1__Q0__QB: 960 draws
[2026-08-04 01:31:13] D1A1__Q0__QB: 1020 draws
[2026-08-04 01:33:53] D1A1__Q0__QB: 1080 draws
[2026-08-04 01:36:34] D1A1__Q0__QB: 1140 draws
[2026-08-04 01:39:20] D1A1__Q0__QB: 1200 draws
[2026-08-04 01:41:59] D1A1__Q0__QB: 1260 draws
[2026-08-04 03:58:43] sweep070 starting; phases done: ['VERIFY']
[2026-08-04 03:58:43] L=8999, h=20, M=442, workers=3
[2026-08-04 04:00:06] D1A1__Q0__QB: 1320 draws
[2026-08-04 04:29:50] sweep070 starting; phases done: ['VERIFY']
[2026-08-04 04:29:50] L=8999, h=20, M=442, workers=3
Traceback (most recent call last):
  File "<frozen runpy>", line 198, in _run_module_as_main
  File "<frozen runpy>", line 88, in _run_code
  File "/home/user/Fantasy-Football/experiments/bottomup/v2/sweep070.py", line 452, in <module>
    main()
  File "/home/user/Fantasy-Football/experiments/bottomup/v2/sweep070.py", line 415, in main
    batch_phase(pool, batch, st)
  File "/home/user/Fantasy-Football/experiments/bottomup/v2/sweep070.py", line 339, in batch_phase
    run_ensemble(pool, a, pos, st=st)
  File "/home/user/Fantasy-Football/experiments/bottomup/v2/sweep070.py", line 245, in run_ensemble
    n_done = _draws_done(a.batch, a.arm, pos)
             ^^^^^^^^^^^^^^^^^^^^^^^^^^^^^^^^
  File "/home/user/Fantasy-Football/experiments/bottomup/v2/sweep070.py", line 193, in _draws_done
    d = pd.read_csv(p)
        ^^^^^^^^^^^^^^
  File "/home/user/Fantasy-Football/.venv/lib/python3.12/site-packages/pandas/io/parsers/readers.py", line 873, in read_csv
    return _read(filepath_or_buffer, kwds)
           ^^^^^^^^^^^^^^^^^^^^^^^^^^^^^^^
  File "/home/user/Fantasy-Football/.venv/lib/python3.12/site-packages/pandas/io/parsers/readers.py", line 300, in _read
    parser = TextFileReader(filepath_or_buffer, **kwds)
             ^^^^^^^^^^^^^^^^^^^^^^^^^^^^^^^^^^^^^^^^^^
  File "/home/user/Fantasy-Football/.venv/lib/python3.12/site-packages/pandas/io/parsers/readers.py", line 1645, in __init__
    self._engine = self._make_engine(f, self.engine)
                   ^^^^^^^^^^^^^^^^^^^^^^^^^^^^^^^^^
  File "/home/user/Fantasy-Football/.venv/lib/python3.12/site-packages/pandas/io/parsers/readers.py", line 1922, in _make_engine
    return mapping[engine](f, **self.options)
           ^^^^^^^^^^^^^^^^^^^^^^^^^^^^^^^^^^
  File "/home/user/Fantasy-Football/.venv/lib/python3.12/site-packages/pandas/io/parsers/c_parser_wrapper.py", line 95, in __init__
    self._reader = parsers.TextReader(src, **kwds)
                   ^^^^^^^^^^^^^^^^^^^^^^^^^^^^^^^
  File "pandas/_libs/parsers.pyx", line 575, in pandas._libs.parsers.TextReader.__cinit__
pandas.errors.EmptyDataError: No columns to parse from file
[supervisor] sweep exited code 1 (attempt 1/50); restarting in 60s
[2026-08-04 04:31:14] sweep070 starting; phases done: ['VERIFY']
[2026-08-04 04:31:14] L=8999, h=20, M=442, workers=3
Traceback (most recent call last):
  File "<frozen runpy>", line 198, in _run_module_as_main
  File "<frozen runpy>", line 88, in _run_code
  File "/home/user/Fantasy-Football/experiments/bottomup/v2/sweep070.py", line 452, in <module>
    main()
  File "/home/user/Fantasy-Football/experiments/bottomup/v2/sweep070.py", line 415, in main
    batch_phase(pool, batch, st)
  File "/home/user/Fantasy-Football/experiments/bottomup/v2/sweep070.py", line 339, in batch_phase
    run_ensemble(pool, a, pos, st=st)
  File "/home/user/Fantasy-Football/experiments/bottomup/v2/sweep070.py", line 245, in run_ensemble
    n_done = _draws_done(a.batch, a.arm, pos)
             ^^^^^^^^^^^^^^^^^^^^^^^^^^^^^^^^
  File "/home/user/Fantasy-Football/experiments/bottomup/v2/sweep070.py", line 193, in _draws_done
    d = pd.read_csv(p)
        ^^^^^^^^^^^^^^
  File "/home/user/Fantasy-Football/.venv/lib/python3.12/site-packages/pandas/io/parsers/readers.py", line 873, in read_csv
    return _read(filepath_or_buffer, kwds)
           ^^^^^^^^^^^^^^^^^^^^^^^^^^^^^^^
  File "/home/user/Fantasy-Football/.venv/lib/python3.12/site-packages/pandas/io/parsers/readers.py", line 300, in _read
    parser = TextFileReader(filepath_or_buffer, **kwds)
             ^^^^^^^^^^^^^^^^^^^^^^^^^^^^^^^^^^^^^^^^^^
  File "/home/user/Fantasy-Football/.venv/lib/python3.12/site-packages/pandas/io/parsers/readers.py", line 1645, in __init__
    self._engine = self._make_engine(f, self.engine)
                   ^^^^^^^^^^^^^^^^^^^^^^^^^^^^^^^^^
  File "/home/user/Fantasy-Football/.venv/lib/python3.12/site-packages/pandas/io/parsers/readers.py", line 1922, in _make_engine
    return mapping[engine](f, **self.options)
           ^^^^^^^^^^^^^^^^^^^^^^^^^^^^^^^^^^
  File "/home/user/Fantasy-Football/.venv/lib/python3.12/site-packages/pandas/io/parsers/c_parser_wrapper.py", line 95, in __init__
    self._reader = parsers.TextReader(src, **kwds)
                   ^^^^^^^^^^^^^^^^^^^^^^^^^^^^^^^
  File "pandas/_libs/parsers.pyx", line 575, in pandas._libs.parsers.TextReader.__cinit__
pandas.errors.EmptyDataError: No columns to parse from file
[supervisor] sweep exited code 1 (attempt 2/50); restarting in 60s
[2026-08-04 04:32:28] sweep070 starting; phases done: ['VERIFY']
[2026-08-04 04:32:28] L=8999, h=20, M=442, workers=3
[2026-08-04 04:34:21] D1A1__Q0__QB: 60 draws
[2026-08-04 04:35:47] D1A1__Q0__QB: 120 draws
[2026-08-04 04:37:11] D1A1__Q0__QB: 180 draws
[2026-08-04 04:38:34] D1A1__Q0__QB: 240 draws
[2026-08-04 04:39:59] D1A1__Q0__QB: 300 draws
[2026-08-04 04:41:26] D1A1__Q0__QB: 360 draws
[2026-08-04 04:42:54] D1A1__Q0__QB: 420 draws
[boot-hook] 2026-08-04T05:26:29Z reviving sweep after container restart
[2026-08-04 05:26:42] sweep070 starting; phases done: ['VERIFY']
[2026-08-04 05:26:42] L=8999, h=20, M=442, workers=3
[2026-08-04 05:28:50] D1A1__Q0__QB: 480 draws
[boot-hook] 2026-08-04T05:48:11Z reviving sweep after container restart
[2026-08-04 05:48:21] sweep070 starting; phases done: ['VERIFY']
[2026-08-04 05:48:21] L=8999, h=20, M=442, workers=3
[boot-hook] 2026-08-04T12:45:12Z reviving sweep after container restart
[2026-08-04 12:45:27] sweep070 starting; phases done: ['VERIFY']
[2026-08-04 12:45:27] L=8999, h=20, M=442, workers=3
[boot-hook] 2026-08-04T12:56:33Z reviving sweep after container restart
[2026-08-04 12:56:36] sweep070 starting; phases done: ['VERIFY']
[2026-08-04 12:56:36] L=8999, h=20, M=442, workers=3
[boot-hook] 2026-08-04T14:02:19Z reviving sweep after container restart
[2026-08-04 14:02:30] sweep070 starting; phases done: ['VERIFY']
[2026-08-04 14:02:30] L=8999, h=20, M=442, workers=3
[2026-08-04 14:09:20] sweep070 starting; phases done: ['VERIFY']
[2026-08-04 14:09:20] L=8999, h=20, M=442, workers=4
[2026-08-04 14:12:01] D1A1__Q0__QB: 1894 draws
[2026-08-04 14:14:47] D1A1__Q0__QB: 2130 draws
[boot-hook] 2026-08-04T14:17:15Z reviving sweep after container restart
[2026-08-04 14:17:16] sweep070 starting; phases done: ['VERIFY']
[2026-08-04 14:17:16] L=8999, h=20, M=442, workers=4
[2026-08-04 14:17:43] D1A1__Q0__QB: 12 draws
[2026-08-04 14:17:51] D1A1__Q0__QB: 24 draws
[2026-08-04 14:18:00] D1A1__Q0__QB: 36 draws
[2026-08-04 14:18:08] D1A1__Q0__QB: 48 draws
[2026-08-04 14:18:16] D1A1__Q0__QB: 60 draws
[2026-08-04 14:18:24] D1A1__Q0__QB: 72 draws
[2026-08-04 14:18:32] D1A1__Q0__QB: 84 draws
[2026-08-04 14:18:40] D1A1__Q0__QB: 96 draws
[2026-08-04 14:18:48] D1A1__Q0__QB: 108 draws
[2026-08-04 14:18:59] D1A1__Q0__QB: 121 draws
[2026-08-04 14:19:09] D1A1__Q0__QB: 136 draws
[2026-08-04 14:19:22] D1A1__Q0__QB: 153 draws
[2026-08-04 14:19:35] D1A1__Q0__QB: 172 draws
[2026-08-04 14:19:50] D1A1__Q0__QB: 193 draws
[2026-08-04 14:20:06] D1A1__Q0__QB: 217 draws
[2026-08-04 14:20:25] D1A1__Q0__QB: 244 draws
[2026-08-04 14:20:45] D1A1__Q0__QB: 274 draws
[2026-08-04 14:21:09] D1A1__Q0__QB: 308 draws
[boot-hook] 2026-08-04T14:22:24Z reviving sweep after container restart
[2026-08-04 14:22:26] sweep070 starting; phases done: ['VERIFY']
[2026-08-04 14:22:26] L=8999, h=20, M=442, workers=4
[2026-08-04 14:23:14] D1A1__Q0__QB: 364 draws
[2026-08-04 14:23:46] D1A1__Q0__QB: 409 draws
[2026-08-04 14:24:21] D1A1__Q0__QB: 460 draws
[2026-08-04 14:25:00] D1A1__Q0__QB: 517 draws
[2026-08-04 14:25:44] D1A1__Q0__QB: 581 draws
[2026-08-04 14:26:33] D1A1__Q0__QB: 653 draws
[boot-hook] 2026-08-04T14:27:35Z reviving sweep after container restart
[2026-08-04 14:27:36] sweep070 starting; phases done: ['VERIFY']
[2026-08-04 14:27:36] L=8999, h=20, M=442, workers=4
[2026-08-04 14:28:51] D1A1__Q0__QB: 739 draws
[2026-08-04 14:29:53] D1A1__Q0__QB: 831 draws
[2026-08-04 14:31:03] D1A1__Q0__QB: 934 draws
[2026-08-04 14:32:23] D1A1__Q0__QB: 1050 draws
[2026-08-04 14:33:53] D1A1__Q0__QB: 1181 draws
[2026-08-04 14:35:35] D1A1__Q0__QB: 1328 draws
[boot-hook] 2026-08-04T14:37:41Z reviving sweep after container restart
[2026-08-04 14:37:43] sweep070 starting; phases done: ['VERIFY']
[2026-08-04 14:37:43] L=8999, h=20, M=442, workers=4
[2026-08-04 14:40:05] D1A1__Q0__QB: 1607 draws
